Archive member included to satisfy reference by file (symbol)

c:/program files (x86)/atmel/studio/7.0/toolchain/avr8/avr8-gnu-toolchain/bin/../lib/gcc/avr/5.4.0/avr5\libgcc.a(_exit.o)
                              C:/Program Files (x86)/Atmel/Studio/7.0/Packs/atmel/ATmega_DFP/1.7.374/gcc/dev/atmega32/avr5/crtatmega32.o (exit)
c:/program files (x86)/atmel/studio/7.0/toolchain/avr8/avr8-gnu-toolchain/bin/../lib/gcc/avr/5.4.0/avr5\libgcc.a(_clear_bss.o)
                              Application/app.o (__do_clear_bss)

Allocating common symbols
Common symbol       size              file

control             0x1               Application/app.o
state               0x1               Application/app.o
intial              0x1               Application/app.o
isLong              0x1               Application/app.o

Discarded input sections

 .data          0x00000000        0x0 C:/Program Files (x86)/Atmel/Studio/7.0/Packs/atmel/ATmega_DFP/1.7.374/gcc/dev/atmega32/avr5/crtatmega32.o
 .bss           0x00000000        0x0 C:/Program Files (x86)/Atmel/Studio/7.0/Packs/atmel/ATmega_DFP/1.7.374/gcc/dev/atmega32/avr5/crtatmega32.o
 .text          0x00000000        0x0 Application/app.o
 .data          0x00000000        0x0 Application/app.o
 .bss           0x00000000        0x0 Application/app.o
 .text          0x00000000        0x0 ECUAL/BUTTON DEIVER/buuton.o
 .data          0x00000000        0x0 ECUAL/BUTTON DEIVER/buuton.o
 .bss           0x00000000        0x0 ECUAL/BUTTON DEIVER/buuton.o
 .text          0x00000000        0x0 ECUAL/LED DRIVER/LED.o
 .data          0x00000000        0x0 ECUAL/LED DRIVER/LED.o
 .bss           0x00000000        0x0 ECUAL/LED DRIVER/LED.o
 .text          0x00000000        0x0 main.o
 .data          0x00000000        0x0 main.o
 .bss           0x00000000        0x0 main.o
 .text          0x00000000        0x0 MCAL/DIO DRIVER/dio.o
 .data          0x00000000        0x0 MCAL/DIO DRIVER/dio.o
 .bss           0x00000000        0x0 MCAL/DIO DRIVER/dio.o
 .text          0x00000000        0x0 MCAL/INTERRUPT DRIVER/interrupt.o
 .data          0x00000000        0x0 MCAL/INTERRUPT DRIVER/interrupt.o
 .bss           0x00000000        0x0 MCAL/INTERRUPT DRIVER/interrupt.o
 .text          0x00000000        0x0 MCAL/TIMER DRIVER/timer.o
 .data          0x00000000        0x0 MCAL/TIMER DRIVER/timer.o
 .bss           0x00000000        0x0 MCAL/TIMER DRIVER/timer.o
 .text          0x00000000        0x0 util/led_control.o
 .data          0x00000000        0x0 util/led_control.o
 .bss           0x00000000        0x0 util/led_control.o
 .text          0x00000000        0x0 c:/program files (x86)/atmel/studio/7.0/toolchain/avr8/avr8-gnu-toolchain/bin/../lib/gcc/avr/5.4.0/avr5\libgcc.a(_exit.o)
 .data          0x00000000        0x0 c:/program files (x86)/atmel/studio/7.0/toolchain/avr8/avr8-gnu-toolchain/bin/../lib/gcc/avr/5.4.0/avr5\libgcc.a(_exit.o)
 .bss           0x00000000        0x0 c:/program files (x86)/atmel/studio/7.0/toolchain/avr8/avr8-gnu-toolchain/bin/../lib/gcc/avr/5.4.0/avr5\libgcc.a(_exit.o)
 .text.libgcc.mul
                0x00000000        0x0 c:/program files (x86)/atmel/studio/7.0/toolchain/avr8/avr8-gnu-toolchain/bin/../lib/gcc/avr/5.4.0/avr5\libgcc.a(_exit.o)
 .text.libgcc.div
                0x00000000        0x0 c:/program files (x86)/atmel/studio/7.0/toolchain/avr8/avr8-gnu-toolchain/bin/../lib/gcc/avr/5.4.0/avr5\libgcc.a(_exit.o)
 .text.libgcc   0x00000000        0x0 c:/program files (x86)/atmel/studio/7.0/toolchain/avr8/avr8-gnu-toolchain/bin/../lib/gcc/avr/5.4.0/avr5\libgcc.a(_exit.o)
 .text.libgcc.prologue
                0x00000000        0x0 c:/program files (x86)/atmel/studio/7.0/toolchain/avr8/avr8-gnu-toolchain/bin/../lib/gcc/avr/5.4.0/avr5\libgcc.a(_exit.o)
 .text.libgcc.builtins
                0x00000000        0x0 c:/program files (x86)/atmel/studio/7.0/toolchain/avr8/avr8-gnu-toolchain/bin/../lib/gcc/avr/5.4.0/avr5\libgcc.a(_exit.o)
 .text.libgcc.fmul
                0x00000000        0x0 c:/program files (x86)/atmel/studio/7.0/toolchain/avr8/avr8-gnu-toolchain/bin/../lib/gcc/avr/5.4.0/avr5\libgcc.a(_exit.o)
 .text.libgcc.fixed
                0x00000000        0x0 c:/program files (x86)/atmel/studio/7.0/toolchain/avr8/avr8-gnu-toolchain/bin/../lib/gcc/avr/5.4.0/avr5\libgcc.a(_exit.o)
 .text          0x00000000        0x0 c:/program files (x86)/atmel/studio/7.0/toolchain/avr8/avr8-gnu-toolchain/bin/../lib/gcc/avr/5.4.0/avr5\libgcc.a(_clear_bss.o)
 .data          0x00000000        0x0 c:/program files (x86)/atmel/studio/7.0/toolchain/avr8/avr8-gnu-toolchain/bin/../lib/gcc/avr/5.4.0/avr5\libgcc.a(_clear_bss.o)
 .bss           0x00000000        0x0 c:/program files (x86)/atmel/studio/7.0/toolchain/avr8/avr8-gnu-toolchain/bin/../lib/gcc/avr/5.4.0/avr5\libgcc.a(_clear_bss.o)
 .text.libgcc.mul
                0x00000000        0x0 c:/program files (x86)/atmel/studio/7.0/toolchain/avr8/avr8-gnu-toolchain/bin/../lib/gcc/avr/5.4.0/avr5\libgcc.a(_clear_bss.o)
 .text.libgcc.div
                0x00000000        0x0 c:/program files (x86)/atmel/studio/7.0/toolchain/avr8/avr8-gnu-toolchain/bin/../lib/gcc/avr/5.4.0/avr5\libgcc.a(_clear_bss.o)
 .text.libgcc   0x00000000        0x0 c:/program files (x86)/atmel/studio/7.0/toolchain/avr8/avr8-gnu-toolchain/bin/../lib/gcc/avr/5.4.0/avr5\libgcc.a(_clear_bss.o)
 .text.libgcc.prologue
                0x00000000        0x0 c:/program files (x86)/atmel/studio/7.0/toolchain/avr8/avr8-gnu-toolchain/bin/../lib/gcc/avr/5.4.0/avr5\libgcc.a(_clear_bss.o)
 .text.libgcc.builtins
                0x00000000        0x0 c:/program files (x86)/atmel/studio/7.0/toolchain/avr8/avr8-gnu-toolchain/bin/../lib/gcc/avr/5.4.0/avr5\libgcc.a(_clear_bss.o)
 .text.libgcc.fmul
                0x00000000        0x0 c:/program files (x86)/atmel/studio/7.0/toolchain/avr8/avr8-gnu-toolchain/bin/../lib/gcc/avr/5.4.0/avr5\libgcc.a(_clear_bss.o)
 .text.libgcc.fixed
                0x00000000        0x0 c:/program files (x86)/atmel/studio/7.0/toolchain/avr8/avr8-gnu-toolchain/bin/../lib/gcc/avr/5.4.0/avr5\libgcc.a(_clear_bss.o)

Memory Configuration

Name             Origin             Length             Attributes
text             0x00000000         0x00008000         xr
data             0x00800060         0x00000800         rw !x
eeprom           0x00810000         0x00000400         rw !x
fuse             0x00820000         0x00000002         rw !x
lock             0x00830000         0x00000400         rw !x
signature        0x00840000         0x00000400         rw !x
user_signatures  0x00850000         0x00000400         rw !x
*default*        0x00000000         0xffffffff

Linker script and memory map

LOAD C:/Program Files (x86)/Atmel/Studio/7.0/Packs/atmel/ATmega_DFP/1.7.374/gcc/dev/atmega32/avr5/crtatmega32.o
LOAD Application/app.o
LOAD ECUAL/BUTTON DEIVER/buuton.o
LOAD ECUAL/LED DRIVER/LED.o
LOAD main.o
LOAD MCAL/DIO DRIVER/dio.o
LOAD MCAL/INTERRUPT DRIVER/interrupt.o
LOAD MCAL/TIMER DRIVER/timer.o
LOAD util/led_control.o
START GROUP
LOAD c:/program files (x86)/atmel/studio/7.0/toolchain/avr8/avr8-gnu-toolchain/bin/../lib/gcc/avr/5.4.0/../../../../avr/lib/avr5\libm.a
END GROUP
START GROUP
LOAD c:/program files (x86)/atmel/studio/7.0/toolchain/avr8/avr8-gnu-toolchain/bin/../lib/gcc/avr/5.4.0/avr5\libgcc.a
LOAD c:/program files (x86)/atmel/studio/7.0/toolchain/avr8/avr8-gnu-toolchain/bin/../lib/gcc/avr/5.4.0/../../../../avr/lib/avr5\libm.a
LOAD c:/program files (x86)/atmel/studio/7.0/toolchain/avr8/avr8-gnu-toolchain/bin/../lib/gcc/avr/5.4.0/../../../../avr/lib/avr5\libc.a
LOAD C:/Program Files (x86)/Atmel/Studio/7.0/Packs/atmel/ATmega_DFP/1.7.374/gcc/dev/atmega32/avr5\libatmega32.a
END GROUP
                0x00000000                __TEXT_REGION_ORIGIN__ = DEFINED (__TEXT_REGION_ORIGIN__)?__TEXT_REGION_ORIGIN__:0x0
                [0x00800060]                __DATA_REGION_ORIGIN__ = DEFINED (__DATA_REGION_ORIGIN__)?__DATA_REGION_ORIGIN__:0x800060
                [0x00008000]                __TEXT_REGION_LENGTH__ = DEFINED (__TEXT_REGION_LENGTH__)?__TEXT_REGION_LENGTH__:0x20000
                [0x00000800]                __DATA_REGION_LENGTH__ = DEFINED (__DATA_REGION_LENGTH__)?__DATA_REGION_LENGTH__:0xffa0
                [0x00000400]                __EEPROM_REGION_LENGTH__ = DEFINED (__EEPROM_REGION_LENGTH__)?__EEPROM_REGION_LENGTH__:0x10000
                [0x00000002]                __FUSE_REGION_LENGTH__ = DEFINED (__FUSE_REGION_LENGTH__)?__FUSE_REGION_LENGTH__:0x400
                0x00000400                __LOCK_REGION_LENGTH__ = DEFINED (__LOCK_REGION_LENGTH__)?__LOCK_REGION_LENGTH__:0x400
                0x00000400                __SIGNATURE_REGION_LENGTH__ = DEFINED (__SIGNATURE_REGION_LENGTH__)?__SIGNATURE_REGION_LENGTH__:0x400
                0x00000400                __USER_SIGNATURE_REGION_LENGTH__ = DEFINED (__USER_SIGNATURE_REGION_LENGTH__)?__USER_SIGNATURE_REGION_LENGTH__:0x400

.hash
 *(.hash)

.dynsym
 *(.dynsym)

.dynstr
 *(.dynstr)

.gnu.version
 *(.gnu.version)

.gnu.version_d
 *(.gnu.version_d)

.gnu.version_r
 *(.gnu.version_r)

.rel.init
 *(.rel.init)

.rela.init
 *(.rela.init)

.rel.text
 *(.rel.text)
 *(.rel.text.*)
 *(.rel.gnu.linkonce.t*)

.rela.text
 *(.rela.text)
 *(.rela.text.*)
 *(.rela.gnu.linkonce.t*)

.rel.fini
 *(.rel.fini)

.rela.fini
 *(.rela.fini)

.rel.rodata
 *(.rel.rodata)
 *(.rel.rodata.*)
 *(.rel.gnu.linkonce.r*)

.rela.rodata
 *(.rela.rodata)
 *(.rela.rodata.*)
 *(.rela.gnu.linkonce.r*)

.rel.data
 *(.rel.data)
 *(.rel.data.*)
 *(.rel.gnu.linkonce.d*)

.rela.data
 *(.rela.data)
 *(.rela.data.*)
 *(.rela.gnu.linkonce.d*)

.rel.ctors
 *(.rel.ctors)

.rela.ctors
 *(.rela.ctors)

.rel.dtors
 *(.rel.dtors)

.rela.dtors
 *(.rela.dtors)

.rel.got
 *(.rel.got)

.rela.got
 *(.rela.got)

.rel.bss
 *(.rel.bss)

.rela.bss
 *(.rela.bss)

.rel.plt
 *(.rel.plt)

.rela.plt
 *(.rela.plt)

.text           0x00000000      0x78c
 *(.vectors)
 .vectors       0x00000000       0x54 C:/Program Files (x86)/Atmel/Studio/7.0/Packs/atmel/ATmega_DFP/1.7.374/gcc/dev/atmega32/avr5/crtatmega32.o
                0x00000000                __vector_default
                0x00000000                __vectors
 *(.vectors)
 *(.progmem.gcc*)
                0x00000054                . = ALIGN (0x2)
                0x00000054                __trampolines_start = .
 *(.trampolines)
 .trampolines   0x00000054        0x0 linker stubs
 *(.trampolines*)
                0x00000054                __trampolines_end = .
 *libprintf_flt.a:*(.progmem.data)
 *libc.a:*(.progmem.data)
 *(.progmem*)
                0x00000054                . = ALIGN (0x2)
 *(.jumptables)
 *(.jumptables*)
 *(.lowtext)
 *(.lowtext*)
                0x00000054                __ctors_start = .
 *(.ctors)
                0x00000054                __ctors_end = .
                0x00000054                __dtors_start = .
 *(.dtors)
                0x00000054                __dtors_end = .
 SORT(*)(.ctors)
 SORT(*)(.dtors)
 *(.init0)
 .init0         0x00000054        0x0 C:/Program Files (x86)/Atmel/Studio/7.0/Packs/atmel/ATmega_DFP/1.7.374/gcc/dev/atmega32/avr5/crtatmega32.o
                0x00000054                __init
 *(.init0)
 *(.init1)
 *(.init1)
 *(.init2)
 .init2         0x00000054        0xc C:/Program Files (x86)/Atmel/Studio/7.0/Packs/atmel/ATmega_DFP/1.7.374/gcc/dev/atmega32/avr5/crtatmega32.o
 *(.init2)
 *(.init3)
 *(.init3)
 *(.init4)
 .init4         0x00000060       0x10 c:/program files (x86)/atmel/studio/7.0/toolchain/avr8/avr8-gnu-toolchain/bin/../lib/gcc/avr/5.4.0/avr5\libgcc.a(_clear_bss.o)
                0x00000060                __do_clear_bss
 *(.init4)
 *(.init5)
 *(.init5)
 *(.init6)
 *(.init6)
 *(.init7)
 *(.init7)
 *(.init8)
 *(.init8)
 *(.init9)
 .init9         0x00000070        0x8 C:/Program Files (x86)/Atmel/Studio/7.0/Packs/atmel/ATmega_DFP/1.7.374/gcc/dev/atmega32/avr5/crtatmega32.o
 *(.init9)
 *(.text)
 .text          0x00000078        0x4 C:/Program Files (x86)/Atmel/Studio/7.0/Packs/atmel/ATmega_DFP/1.7.374/gcc/dev/atmega32/avr5/crtatmega32.o
                0x00000078                __vector_12
                0x00000078                __bad_interrupt
                0x00000078                __vector_6
                0x00000078                __vector_3
                0x00000078                __vector_11
                0x00000078                __vector_13
                0x00000078                __vector_17
                0x00000078                __vector_19
                0x00000078                __vector_7
                0x00000078                __vector_5
                0x00000078                __vector_4
                0x00000078                __vector_9
                0x00000078                __vector_2
                0x00000078                __vector_15
                0x00000078                __vector_8
                0x00000078                __vector_14
                0x00000078                __vector_10
                0x00000078                __vector_16
                0x00000078                __vector_18
                0x00000078                __vector_20
                0x0000007c                . = ALIGN (0x2)
 *(.text.*)
 .text.interrupt_fn
                0x0000007c       0x14 Application/app.o
 .text.APP_init
                0x00000090        0x6 Application/app.o
                0x00000090                APP_init
 .text.APP_start
                0x00000096       0x2a Application/app.o
                0x00000096                APP_start
 .text.__vector_1
                0x000000c0       0x60 Application/app.o
                0x000000c0                __vector_1
 .text.BUTTON_init
                0x00000120        0x8 ECUAL/BUTTON DEIVER/buuton.o
                0x00000120                BUTTON_init
 .text.BUTTON_start
                0x00000128        0x6 ECUAL/BUTTON DEIVER/buuton.o
                0x00000128                BUTTON_start
 .text.BUTTON_isLongPress
                0x0000012e       0x4a ECUAL/BUTTON DEIVER/buuton.o
                0x0000012e                BUTTON_isLongPress
 .text.LED_init
                0x00000178        0x8 ECUAL/LED DRIVER/LED.o
                0x00000178                LED_init
 .text.LED_on   0x00000180        0x8 ECUAL/LED DRIVER/LED.o
                0x00000180                LED_on
 .text.LED_off  0x00000188        0x8 ECUAL/LED DRIVER/LED.o
                0x00000188                LED_off
 .text.LED_toggle
                0x00000190        0x6 ECUAL/LED DRIVER/LED.o
                0x00000190                LED_toggle
 .text.main     0x00000196        0xa main.o
                0x00000196                main
 .text.DIO_init
                0x000001a0      0x106 MCAL/DIO DRIVER/dio.o
                0x000001a0                DIO_init
 .text.DIO_write
                0x000002a6      0x106 MCAL/DIO DRIVER/dio.o
                0x000002a6                DIO_write
 .text.DIO_toggle
                0x000003ac       0x7e MCAL/DIO DRIVER/dio.o
                0x000003ac                DIO_toggle
 .text.DIO_read
                0x0000042a       0xd0 MCAL/DIO DRIVER/dio.o
                0x0000042a                DIO_read
 .text.INT0_init
                0x000004fa       0x12 MCAL/INTERRUPT DRIVER/interrupt.o
                0x000004fa                INT0_init
 .text.TIMER0_start
                0x0000050c       0x38 MCAL/TIMER DRIVER/timer.o
 .text.TIMER1_start
                0x00000544       0x38 MCAL/TIMER DRIVER/timer.o
 .text.TIMER0_delay
                0x0000057c       0x3e MCAL/TIMER DRIVER/timer.o
                0x0000057c                TIMER0_delay
 .text.TIMER1_delay
                0x000005ba       0x40 MCAL/TIMER DRIVER/timer.o
                0x000005ba                TIMER1_delay
 .text.car_toggleYELLOWLED
                0x000005fa        0xa util/led_control.o
 .text.ped_toggleYELLOWLED
                0x00000604        0xa util/led_control.o
 .text.init_leds
                0x0000060e       0x3e util/led_control.o
                0x0000060e                init_leds
 .text.carREDLED_ON
                0x0000064c       0x1a util/led_control.o
                0x0000064c                carREDLED_ON
 .text.pedREDLED_ON
                0x00000666       0x1a util/led_control.o
                0x00000666                pedREDLED_ON
 .text.carGREENLED_ON
                0x00000680       0x1a util/led_control.o
                0x00000680                carGREENLED_ON
 .text.pedGREENLED_ON
                0x0000069a       0x1a util/led_control.o
                0x0000069a                pedGREENLED_ON
 .text.carYELLOWLED_BLINKING
                0x000006b4       0x26 util/led_control.o
                0x000006b4                carYELLOWLED_BLINKING
 .text.pedcarYELLOWLED_BLINKING
                0x000006da       0x2c util/led_control.o
                0x000006da                pedcarYELLOWLED_BLINKING
 .text.pedLEDS_OFF
                0x00000706       0x1a util/led_control.o
                0x00000706                pedLEDS_OFF
 .text.car_GREENLED_ON
                0x00000720       0x10 util/led_control.o
                0x00000720                car_GREENLED_ON
 .text.car_REDLED_ON
                0x00000730       0x10 util/led_control.o
                0x00000730                car_REDLED_ON
 .text.interruptfn1
                0x00000740       0x2e util/led_control.o
                0x00000740                interruptfn1
 .text.interruptfn2
                0x0000076e       0x1a util/led_control.o
                0x0000076e                interruptfn2
                0x00000788                . = ALIGN (0x2)
 *(.fini9)
 .fini9         0x00000788        0x0 c:/program files (x86)/atmel/studio/7.0/toolchain/avr8/avr8-gnu-toolchain/bin/../lib/gcc/avr/5.4.0/avr5\libgcc.a(_exit.o)
                0x00000788                _exit
                0x00000788                exit
 *(.fini9)
 *(.fini8)
 *(.fini8)
 *(.fini7)
 *(.fini7)
 *(.fini6)
 *(.fini6)
 *(.fini5)
 *(.fini5)
 *(.fini4)
 *(.fini4)
 *(.fini3)
 *(.fini3)
 *(.fini2)
 *(.fini2)
 *(.fini1)
 *(.fini1)
 *(.fini0)
 .fini0         0x00000788        0x4 c:/program files (x86)/atmel/studio/7.0/toolchain/avr8/avr8-gnu-toolchain/bin/../lib/gcc/avr/5.4.0/avr5\libgcc.a(_exit.o)
 *(.fini0)
                0x0000078c                _etext = .

.data           0x00800060        0x0 load address 0x0000078c
                [!provide]                PROVIDE (__data_start, .)
 *(.data)
 *(.data*)
 *(.gnu.linkonce.d*)
 *(.rodata)
 *(.rodata*)
 *(.gnu.linkonce.r*)
                0x00800060                . = ALIGN (0x2)
                0x00800060                _edata = .
                [!provide]                PROVIDE (__data_end, .)

.bss            0x00800060        0x4
                0x00800060                PROVIDE (__bss_start, .)
 *(.bss)
 *(.bss*)
 *(COMMON)
 COMMON         0x00800060        0x4 Application/app.o
                0x00800060                control
                0x00800061                state
                0x00800062                intial
                0x00800063                isLong
                0x00800064                PROVIDE (__bss_end, .)
                0x0000078c                __data_load_start = LOADADDR (.data)
                0x0000078c                __data_load_end = (__data_load_start + SIZEOF (.data))

.noinit         0x00800064        0x0
                [!provide]                PROVIDE (__noinit_start, .)
 *(.noinit*)
                [!provide]                PROVIDE (__noinit_end, .)
                0x00800064                _end = .
                [!provide]                PROVIDE (__heap_start, .)

.eeprom         0x00810000        0x0
 *(.eeprom*)
                0x00810000                __eeprom_end = .

.fuse
 *(.fuse)
 *(.lfuse)
 *(.hfuse)
 *(.efuse)

.lock
 *(.lock*)

.signature
 *(.signature*)

.user_signatures
 *(.user_signatures*)

.stab
 *(.stab)

.stabstr
 *(.stabstr)

.stab.excl
 *(.stab.excl)

.stab.exclstr
 *(.stab.exclstr)

.stab.index
 *(.stab.index)

.stab.indexstr
 *(.stab.indexstr)

.comment        0x00000000       0x30
 *(.comment)
 .comment       0x00000000       0x30 Application/app.o
                                 0x31 (size before relaxing)
 .comment       0x00000030       0x31 ECUAL/BUTTON DEIVER/buuton.o
 .comment       0x00000030       0x31 ECUAL/LED DRIVER/LED.o
 .comment       0x00000030       0x31 main.o
 .comment       0x00000030       0x31 MCAL/DIO DRIVER/dio.o
 .comment       0x00000030       0x31 MCAL/INTERRUPT DRIVER/interrupt.o
 .comment       0x00000030       0x31 MCAL/TIMER DRIVER/timer.o
 .comment       0x00000030       0x31 util/led_control.o

.note.gnu.avr.deviceinfo
                0x00000000       0x3c
 .note.gnu.avr.deviceinfo
                0x00000000       0x3c C:/Program Files (x86)/Atmel/Studio/7.0/Packs/atmel/ATmega_DFP/1.7.374/gcc/dev/atmega32/avr5/crtatmega32.o

.note.gnu.build-id
 *(.note.gnu.build-id)

.debug
 *(.debug)

.line
 *(.line)

.debug_srcinfo
 *(.debug_srcinfo)

.debug_sfnames
 *(.debug_sfnames)

.debug_aranges  0x00000000      0x1d8
 *(.debug_aranges)
 .debug_aranges
                0x00000000       0x38 Application/app.o
 .debug_aranges
                0x00000038       0x30 ECUAL/BUTTON DEIVER/buuton.o
 .debug_aranges
                0x00000068       0x38 ECUAL/LED DRIVER/LED.o
 .debug_aranges
                0x000000a0       0x20 main.o
 .debug_aranges
                0x000000c0       0x38 MCAL/DIO DRIVER/dio.o
 .debug_aranges
                0x000000f8       0x20 MCAL/INTERRUPT DRIVER/interrupt.o
 .debug_aranges
                0x00000118       0x38 MCAL/TIMER DRIVER/timer.o
 .debug_aranges
                0x00000150       0x88 util/led_control.o

.debug_pubnames
 *(.debug_pubnames)

.debug_info     0x00000000     0x1426
 *(.debug_info .gnu.linkonce.wi.*)
 .debug_info    0x00000000      0x4e6 C:/Program Files (x86)/Atmel/Studio/7.0/Packs/atmel/ATmega_DFP/1.7.374/gcc/dev/atmega32/avr5/crtatmega32.o
 .debug_info    0x000004e6      0x1ff Application/app.o
 .debug_info    0x000006e5      0x1c8 ECUAL/BUTTON DEIVER/buuton.o
 .debug_info    0x000008ad      0x1b6 ECUAL/LED DRIVER/LED.o
 .debug_info    0x00000a63       0x84 main.o
 .debug_info    0x00000ae7      0x154 MCAL/DIO DRIVER/dio.o
 .debug_info    0x00000c3b       0x51 MCAL/INTERRUPT DRIVER/interrupt.o
 .debug_info    0x00000c8c      0x1ab MCAL/TIMER DRIVER/timer.o
 .debug_info    0x00000e37      0x5ef util/led_control.o

.debug_abbrev   0x00000000      0xa0c
 *(.debug_abbrev)
 .debug_abbrev  0x00000000      0x4a3 C:/Program Files (x86)/Atmel/Studio/7.0/Packs/atmel/ATmega_DFP/1.7.374/gcc/dev/atmega32/avr5/crtatmega32.o
 .debug_abbrev  0x000004a3       0xf6 Application/app.o
 .debug_abbrev  0x00000599      0x109 ECUAL/BUTTON DEIVER/buuton.o
 .debug_abbrev  0x000006a2       0x80 ECUAL/LED DRIVER/LED.o
 .debug_abbrev  0x00000722       0x68 main.o
 .debug_abbrev  0x0000078a       0x6f MCAL/DIO DRIVER/dio.o
 .debug_abbrev  0x000007f9       0x44 MCAL/INTERRUPT DRIVER/interrupt.o
 .debug_abbrev  0x0000083d       0xea MCAL/TIMER DRIVER/timer.o
 .debug_abbrev  0x00000927       0xe5 util/led_control.o

.debug_line     0x00000000      0xc61
 *(.debug_line .debug_line.* .debug_line_end)
 .debug_line    0x00000000      0x116 C:/Program Files (x86)/Atmel/Studio/7.0/Packs/atmel/ATmega_DFP/1.7.374/gcc/dev/atmega32/avr5/crtatmega32.o
 .debug_line    0x00000116      0x147 Application/app.o
 .debug_line    0x0000025d      0x121 ECUAL/BUTTON DEIVER/buuton.o
 .debug_line    0x0000037e      0x104 ECUAL/LED DRIVER/LED.o
 .debug_line    0x00000482       0x63 main.o
 .debug_line    0x000004e5      0x1cf MCAL/DIO DRIVER/dio.o
 .debug_line    0x000006b4       0x95 MCAL/INTERRUPT DRIVER/interrupt.o
 .debug_line    0x00000749      0x1e2 MCAL/TIMER DRIVER/timer.o
 .debug_line    0x0000092b      0x336 util/led_control.o

.debug_frame    0x00000000      0x368
 *(.debug_frame)
 .debug_frame   0x00000000       0xa4 Application/app.o
 .debug_frame   0x000000a4       0x64 ECUAL/BUTTON DEIVER/buuton.o
 .debug_frame   0x00000108       0x54 ECUAL/LED DRIVER/LED.o
 .debug_frame   0x0000015c       0x24 main.o
 .debug_frame   0x00000180       0x54 MCAL/DIO DRIVER/dio.o
 .debug_frame   0x000001d4       0x24 MCAL/INTERRUPT DRIVER/interrupt.o
 .debug_frame   0x000001f8       0x64 MCAL/TIMER DRIVER/timer.o
 .debug_frame   0x0000025c      0x10c util/led_control.o

.debug_str      0x00000000      0x61b
 *(.debug_str)
 .debug_str     0x00000000      0x196 C:/Program Files (x86)/Atmel/Studio/7.0/Packs/atmel/ATmega_DFP/1.7.374/gcc/dev/atmega32/avr5/crtatmega32.o
 .debug_str     0x00000196      0x1eb Application/app.o
                                0x207 (size before relaxing)
 .debug_str     0x00000381       0x60 ECUAL/BUTTON DEIVER/buuton.o
                                0x160 (size before relaxing)
 .debug_str     0x000003e1       0x94 ECUAL/LED DRIVER/LED.o
                                0x16d (size before relaxing)
 .debug_str     0x00000475       0x11 main.o
                                0x109 (size before relaxing)
 .debug_str     0x00000486       0x23 MCAL/DIO DRIVER/dio.o
                                0x14c (size before relaxing)
 .debug_str     0x000004a9       0x2f MCAL/INTERRUPT DRIVER/interrupt.o
                                0x11c (size before relaxing)
 .debug_str     0x000004d8       0xa8 MCAL/TIMER DRIVER/timer.o
                                0x1ab (size before relaxing)
 .debug_str     0x00000580       0x9b util/led_control.o
                                0x25f (size before relaxing)

.debug_loc      0x00000000      0xadd
 *(.debug_loc)
 .debug_loc     0x00000000       0xed Application/app.o
 .debug_loc     0x000000ed      0x1bf ECUAL/BUTTON DEIVER/buuton.o
 .debug_loc     0x000002ac      0x108 ECUAL/LED DRIVER/LED.o
 .debug_loc     0x000003b4      0x3cc MCAL/DIO DRIVER/dio.o
 .debug_loc     0x00000780      0x2b7 MCAL/TIMER DRIVER/timer.o
 .debug_loc     0x00000a37       0xa6 util/led_control.o

.debug_macinfo
 *(.debug_macinfo)

.debug_weaknames
 *(.debug_weaknames)

.debug_funcnames
 *(.debug_funcnames)

.debug_typenames
 *(.debug_typenames)

.debug_varnames
 *(.debug_varnames)

.debug_pubtypes
 *(.debug_pubtypes)

.debug_ranges   0x00000000      0x188
 *(.debug_ranges)
 .debug_ranges  0x00000000       0x28 Application/app.o
 .debug_ranges  0x00000028       0x20 ECUAL/BUTTON DEIVER/buuton.o
 .debug_ranges  0x00000048       0x28 ECUAL/LED DRIVER/LED.o
 .debug_ranges  0x00000070       0x10 main.o
 .debug_ranges  0x00000080       0x28 MCAL/DIO DRIVER/dio.o
 .debug_ranges  0x000000a8       0x10 MCAL/INTERRUPT DRIVER/interrupt.o
 .debug_ranges  0x000000b8       0x58 MCAL/TIMER DRIVER/timer.o
 .debug_ranges  0x00000110       0x78 util/led_control.o

.debug_macro
 *(.debug_macro)
OUTPUT(new_main.elf elf32-avr)
LOAD linker stubs
